This is XeTeX, Version 3.14159265-2.6-0.999992 (TeX Live 2020) (preloaded format=xelatex 2020.11.2)  15 SEP 2026 23:24
entering extended mode
 restricted \write18 enabled.
 %&-line parsing enabled.
**CARMA.tex
(./CARMA.tex
LaTeX2e <2020-10-01> patch level 2
L3 programming layer <2020-10-27> xparse <2020-03-03>
(/gpfs/automountdir/gpfs/rts/modules/apps/tex-live/2020/texmf-dist/tex/latex/ba
se/article.cls
Document Class: article 2020/04/10 v1.4m Standard LaTeX document class

(/gpfs/automountdir/gpfs/rts/modules/apps/tex-live/2020/texmf-dist/tex/latex/ba
se/size10.clo
File: size10.clo 2020/04/10 v1.4m Standard LaTeX file (size option)
)
\c@part=\count171
\c@section=\count172
\c@subsection=\count173
\c@subsubsection=\count174
\c@paragraph=\count175
\c@subparagraph=\count176
\c@figure=\count177
\c@table=\count178
\abovecaptionskip=\skip47
\belowcaptionskip=\skip48
\bibindent=\dimen138
) (./aaai2026.sty
Package: aaai2026 2026/04/29 AAAI 2026 Submission format

Conference Style for AAAI for LaTeX 2e -- version for submission
\titlebox=\skip49
)
(/gpfs/automountdir/gpfs/rts/modules/apps/tex-live/2020/texmf-dist/tex/latex/ps
nfss/times.sty
Package: times 2020/03/25 PSNFSS-v9.3 (SPQR) 
)
(/gpfs/automountdir/gpfs/rts/modules/apps/tex-live/2020/texmf-dist/tex/latex/ps
nfss/helvet.sty
Package: helvet 2020/03/25 PSNFSS-v9.3 (WaS) 

(/gpfs/automountdir/gpfs/rts/modules/apps/tex-live/2020/texmf-dist/tex/latex/gr
aphics/keyval.sty
Package: keyval 2014/10/28 v1.15 key=value parser (DPC)
\KV@toks@=\toks15
))
(/gpfs/automountdir/gpfs/rts/modules/apps/tex-live/2020/texmf-dist/tex/latex/ps
nfss/courier.sty
Package: courier 2020/03/25 PSNFSS-v9.3 (WaS) 
)
(/gpfs/automountdir/gpfs/rts/modules/apps/tex-live/2020/texmf-dist/tex/latex/ur
l/url.sty
\Urlmuskip=\muskip16
Package: url 2013/09/16  ver 3.4  Verb mode for urls, etc.
)
(/gpfs/automountdir/gpfs/rts/modules/apps/tex-live/2020/texmf-dist/tex/latex/gr
aphics/graphicx.sty
Package: graphicx 2020/09/09 v1.2b Enhanced LaTeX Graphics (DPC,SPQR)

(/gpfs/automountdir/gpfs/rts/modules/apps/tex-live/2020/texmf-dist/tex/latex/gr
aphics/graphics.sty
Package: graphics 2020/08/30 v1.4c Standard LaTeX Graphics (DPC,SPQR)

(/gpfs/automountdir/gpfs/rts/modules/apps/tex-live/2020/texmf-dist/tex/latex/gr
aphics/trig.sty
Package: trig 2016/01/03 v1.10 sin cos tan (DPC)
)
(/gpfs/automountdir/gpfs/rts/modules/apps/tex-live/2020/texmf-dist/tex/latex/gr
aphics-cfg/graphics.cfg
File: graphics.cfg 2016/06/04 v1.11 sample graphics configuration
)
Package graphics Info: Driver file: xetex.def on input line 105.

(/gpfs/automountdir/gpfs/rts/modules/apps/tex-live/2020/texmf-dist/tex/latex/gr
aphics-def/xetex.def
File: xetex.def 2020/08/26 v5.0i Graphics/color driver for xetex
))
\Gin@req@height=\dimen139
\Gin@req@width=\dimen140
)
(/gpfs/automountdir/gpfs/rts/modules/apps/tex-live/2020/texmf-dist/tex/latex/na
tbib/natbib.sty
Package: natbib 2010/09/13 8.31b (PWD, AO)
\bibhang=\skip50
\bibsep=\skip51
LaTeX Info: Redefining \cite on input line 694.
\c@NAT@ctr=\count179
)
(/gpfs/automountdir/gpfs/rts/modules/apps/tex-live/2020/texmf-dist/tex/latex/ca
ption/caption.sty
Package: caption 2020/10/26 v3.5g Customizing captions (AR)

(/gpfs/automountdir/gpfs/rts/modules/apps/tex-live/2020/texmf-dist/tex/latex/ca
ption/caption3.sty
Package: caption3 2020/10/21 v2.2e caption3 kernel (AR)
\captionmargin=\dimen141
\captionmargin@=\dimen142
\captionwidth=\dimen143
\caption@tempdima=\dimen144
\caption@indent=\dimen145
\caption@parindent=\dimen146
\caption@hangindent=\dimen147
Package caption Info: Standard document class detected.
)
\c@caption@flags=\count180
\c@continuedfloat=\count181
)
(/gpfs/automountdir/gpfs/rts/modules/apps/tex-live/2020/texmf-dist/tex/latex/bo
oktabs/booktabs.sty
Package: booktabs 2020/01/12 v1.61803398 Publication quality tables
\heavyrulewidth=\dimen148
\lightrulewidth=\dimen149
\cmidrulewidth=\dimen150
\belowrulesep=\dimen151
\belowbottomsep=\dimen152
\aboverulesep=\dimen153
\abovetopsep=\dimen154
\cmidrulesep=\dimen155
\cmidrulekern=\dimen156
\defaultaddspace=\dimen157
\@cmidla=\count182
\@cmidlb=\count183
\@aboverulesep=\dimen158
\@belowrulesep=\dimen159
\@thisruleclass=\count184
\@lastruleclass=\count185
\@thisrulewidth=\dimen160
)
(/gpfs/automountdir/gpfs/rts/modules/apps/tex-live/2020/texmf-dist/tex/latex/mu
ltirow/multirow.sty
Package: multirow 2019/05/31 v2.5 Span multiple rows of a table
\multirow@colwidth=\skip52
\multirow@cntb=\count186
\multirow@dima=\skip53
\bigstrutjot=\dimen161
)
(/gpfs/automountdir/gpfs/rts/modules/apps/tex-live/2020/texmf-dist/tex/latex/mi
crotype/microtype.sty
Package: microtype 2019/11/18 v2.7d Micro-typographical refinements (RS)
\MT@toks=\toks16
\MT@count=\count187
LaTeX Info: Redefining \textls on input line 790.
\MT@outer@kern=\dimen162
LaTeX Info: Redefining \textmicrotypecontext on input line 1354.
\MT@listname@count=\count188

(/gpfs/automountdir/gpfs/rts/modules/apps/tex-live/2020/texmf-dist/tex/latex/mi
crotype/microtype-xetex.def
File: microtype-xetex.def 2019/11/18 v2.7d Definitions specific to xetex (RS)
LaTeX Info: Redefining \lsstyle on input line 258.
)
Package microtype Info: Loading configuration file microtype.cfg.

(/gpfs/automountdir/gpfs/rts/modules/apps/tex-live/2020/texmf-dist/tex/latex/mi
crotype/microtype.cfg
File: microtype.cfg 2019/11/18 v2.7d microtype main configuration file (RS)
))
(/gpfs/automountdir/gpfs/rts/modules/apps/tex-live/2020/texmf-dist/tex/latex/xc
olor/xcolor.sty
Package: xcolor 2016/05/11 v2.12 LaTeX color extensions (UK)

(/gpfs/automountdir/gpfs/rts/modules/apps/tex-live/2020/texmf-dist/tex/latex/gr
aphics-cfg/color.cfg
File: color.cfg 2016/01/02 v1.6 sample color configuration
)
Package xcolor Info: Driver file: xetex.def on input line 225.
Package xcolor Info: Model `cmy' substituted by `cmy0' on input line 1348.
Package xcolor Info: Model `RGB' extended on input line 1364.
Package xcolor Info: Model `HTML' substituted by `rgb' on input line 1366.
Package xcolor Info: Model `Hsb' substituted by `hsb' on input line 1367.
Package xcolor Info: Model `tHsb' substituted by `hsb' on input line 1368.
Package xcolor Info: Model `HSB' substituted by `hsb' on input line 1369.
Package xcolor Info: Model `Gray' substituted by `gray' on input line 1370.
Package xcolor Info: Model `wave' substituted by `hsb' on input line 1371.
)
(/gpfs/automountdir/gpfs/rts/modules/apps/tex-live/2020/texmf-dist/tex/generic/
babel/babel.sty
Package: babel 2020/10/27 3.51 The Babel package

(/gpfs/automountdir/gpfs/rts/modules/apps/tex-live/2020/texmf-dist/tex/generic/
babel/babel.def
File: babel.def 2020/10/27 3.51 Babel common definitions
\babel@savecnt=\count189
\U@D=\dimen163
\l@babelnohyphens=\language86

(/gpfs/automountdir/gpfs/rts/modules/apps/tex-live/2020/texmf-dist/tex/generic/
babel/xebabel.def
(/gpfs/automountdir/gpfs/rts/modules/apps/tex-live/2020/texmf-dist/tex/generic/
babel/txtbabel.def))
\bbl@readstream=\read2
)
\bbl@dirlevel=\count190

(/gpfs/automountdir/gpfs/rts/modules/apps/tex-live/2020/texmf-dist/tex/generic/
babel-english/english.ldf
Language: english 2017/06/06 v3.3r English support from the babel system
Package babel Info: \l@canadian = using hyphenrules for english
(babel)             (\language0) on input line 102.
Package babel Info: \l@australian = using hyphenrules for ukenglish
(babel)             (\language21) on input line 105.
Package babel Info: \l@newzealand = using hyphenrules for ukenglish
(babel)             (\language21) on input line 108.
))
\everypar=\toks17

(/gpfs/automountdir/gpfs/rts/modules/apps/tex-live/2020/texmf-dist/tex/latex/fo
ntspec/fontspec.sty
(/gpfs/automountdir/gpfs/rts/modules/apps/tex-live/2020/texmf-dist/tex/latex/l3
packages/xparse/xparse.sty
(/gpfs/automountdir/gpfs/rts/modules/apps/tex-live/2020/texmf-dist/tex/latex/l3
kernel/expl3.sty
Package: expl3 2020-10-27 L3 programming layer (loader) 

(/gpfs/automountdir/gpfs/rts/modules/apps/tex-live/2020/texmf-dist/tex/latex/l3
backend/l3backend-xetex.def
File: l3backend-xetex.def 2020-09-24 L3 backend support: XeTeX
\g__graphics_track_int=\count191
\l__pdf_internal_box=\box47
\g__pdf_backend_object_int=\count192
\g__pdf_backend_annotation_int=\count193
))
Package: xparse 2020-10-27 L3 Experimental document command parser

(/gpfs/automountdir/gpfs/rts/modules/apps/tex-live/2020/texmf-dist/tex/latex/l3
packages/xparse/xparse-generic.tex))
Package: fontspec 2020/02/21 v2.7i Font selection for XeLaTeX and LuaLaTeX

(/gpfs/automountdir/gpfs/rts/modules/apps/tex-live/2020/texmf-dist/tex/latex/fo
ntspec/fontspec-xetex.sty
Package: fontspec-xetex 2020/02/21 v2.7i Font selection for XeLaTeX and LuaLaTe
X
\l__fontspec_script_int=\count194
\l__fontspec_language_int=\count195
\l__fontspec_strnum_int=\count196
\l__fontspec_tmp_int=\count197
\l__fontspec_tmpa_int=\count198
\l__fontspec_tmpb_int=\count199
\l__fontspec_tmpc_int=\count266
\l__fontspec_em_int=\count267
\l__fontspec_emdef_int=\count268
\l__fontspec_strong_int=\count269
\l__fontspec_strongdef_int=\count270
\l__fontspec_tmpa_dim=\dimen164
\l__fontspec_tmpb_dim=\dimen165
\l__fontspec_tmpc_dim=\dimen166

(/gpfs/automountdir/gpfs/rts/modules/apps/tex-live/2020/texmf-dist/tex/latex/ba
se/fontenc.sty
Package: fontenc 2020/08/10 v2.0s Standard LaTeX package
)
(/gpfs/automountdir/gpfs/rts/modules/apps/tex-live/2020/texmf-dist/tex/latex/fo
ntspec/fontspec.cfg)))
(/gpfs/automountdir/gpfs/rts/modules/apps/tex-live/2020/texmf-dist/tex/generic/
babel/locale/en/babel-english.tex
Package babel Info: Importing font and identification data for english
(babel)             from babel-en.ini. Reported on input line 11.
)
(/gpfs/automountdir/gpfs/rts/modules/apps/tex-live/2020/texmf-dist/tex/latex/ne
wtx/TeXGyreTermesX.fontspec)

Package fontspec Warning: Font 'TeXGyreTermesX-Regular' is using the
(fontspec)                default features for language 'English'.
(fontspec)                That's usually fine, because many languages
(fontspec)                require no specific features, but if the output is
(fontspec)                not as expected, consider selecting another font.


Package fontspec Info: Font family 'TeXGyreTermesX(0)' created for font
(fontspec)             'TeXGyreTermesX' with options [Ligatures=TeX,Extension
(fontspec)             = .otf,UprightFont = TeXGyreTermesX-Regular,BoldFont =
(fontspec)             TeXGyreTermesX-Bold,ItalicFont =
(fontspec)             TeXGyreTermesX-Italic,BoldItalicFont =
(fontspec)             TeXGyreTermesX-BoldItalic,Script=Latin,Language=English]
.
(fontspec)              
(fontspec)              This font family consists of the following NFSS
(fontspec)             series/shapes:
(fontspec)              
(fontspec)             - 'normal' (m/n) with NFSS spec.:
(fontspec)             <->"[TeXGyreTermesX-Regular.otf]/OT:script=latn;language
=dflt;mapping=tex-text;"
(fontspec)             - 'small caps'  (m/sc) with NFSS spec.:
(fontspec)             <->"[TeXGyreTermesX-Regular.otf]/OT:script=latn;language
=dflt;+smcp;mapping=tex-text;"
(fontspec)             - 'bold' (b/n) with NFSS spec.:
(fontspec)             <->"[TeXGyreTermesX-Bold.otf]/OT:script=latn;language=df
lt;mapping=tex-text;"
(fontspec)             - 'bold small caps'  (b/sc) with NFSS spec.:
(fontspec)             <->"[TeXGyreTermesX-Bold.otf]/OT:script=latn;language=df
lt;+smcp;mapping=tex-text;"
(fontspec)             - 'italic' (m/it) with NFSS spec.:
(fontspec)             <->"[TeXGyreTermesX-Italic.otf]/OT:script=latn;language=
dflt;mapping=tex-text;"
(fontspec)             - 'italic small caps'  (m/scit) with NFSS spec.:
(fontspec)             <->"[TeXGyreTermesX-Italic.otf]/OT:script=latn;language=
dflt;+smcp;mapping=tex-text;"
(fontspec)             - 'bold italic' (b/it) with NFSS spec.:
(fontspec)             <->"[TeXGyreTermesX-BoldItalic.otf]/OT:script=latn;langu
age=dflt;mapping=tex-text;"
(fontspec)             - 'bold italic small caps'  (b/scit) with NFSS spec.:
(fontspec)             <->"[TeXGyreTermesX-BoldItalic.otf]/OT:script=latn;langu
age=dflt;+smcp;mapping=tex-text;"


(/gpfs/automountdir/gpfs/rts/modules/apps/tex-live/2020/texmf-dist/tex/generic/
babel/locale/ar/babel-arabic.tex)
Package babel Info: Importing data for arabic
(babel)             from babel-ar.ini. Reported on input line 47.

No file CARMA.aux.
\openout1 = `CARMA.aux'.

LaTeX Font Info:    Checking defaults for OML/cmm/m/it on input line 67.
LaTeX Font Info:    ... okay on input line 67.
LaTeX Font Info:    Checking defaults for OMS/cmsy/m/n on input line 67.
LaTeX Font Info:    ... okay on input line 67.
LaTeX Font Info:    Checking defaults for OT1/cmr/m/n on input line 67.
LaTeX Font Info:    ... okay on input line 67.
LaTeX Font Info:    Checking defaults for T1/cmr/m/n on input line 67.
LaTeX Font Info:    ... okay on input line 67.
LaTeX Font Info:    Checking defaults for TS1/cmr/m/n on input line 67.
LaTeX Font Info:    Trying to load font information for TS1+cmr on input line 6
7.

(/gpfs/automountdir/gpfs/rts/modules/apps/tex-live/2020/texmf-dist/tex/latex/ba
se/ts1cmr.fd
File: ts1cmr.fd 2019/12/16 v2.5j Standard LaTeX font definitions
)
LaTeX Font Info:    ... okay on input line 67.
LaTeX Font Info:    Checking defaults for TU/lmr/m/n on input line 67.
LaTeX Font Info:    ... okay on input line 67.
LaTeX Font Info:    Checking defaults for OMX/cmex/m/n on input line 67.
LaTeX Font Info:    ... okay on input line 67.
LaTeX Font Info:    Checking defaults for U/cmr/m/n on input line 67.
LaTeX Font Info:    ... okay on input line 67.
Package caption Info: Begin \AtBeginDocument code.
Package caption Info: End \AtBeginDocument code.
LaTeX Info: Redefining \microtypecontext on input line 67.
Package microtype Info: Character protrusion enabled (level 2).
Package microtype Info: Using default protrusion set `alltext'.
Package microtype Info: No adjustment of tracking.
Package microtype Info: No adjustment of spacing.
Package microtype Info: No adjustment of kerning.
Package microtype Info: Loading generic protrusion settings for font family
(microtype)             `TeXGyreTermesX' (encoding: TU).
(microtype)             For optimal results, create family-specific settings.
(microtype)             See the microtype manual for details.
Package microtype Info: Loading generic protrusion settings for font family
(microtype)             `lmss' (encoding: TU).
(microtype)             For optimal results, create family-specific settings.
(microtype)             See the microtype manual for details.
Package microtype Info: Loading generic protrusion settings for font family
(microtype)             `lmtt' (encoding: TU).
(microtype)             For optimal results, create family-specific settings.
(microtype)             See the microtype manual for details.


Package babel Info: The following font families will use the default
(babel)             settings for all or some languages:
(babel)             * \sffamily = lmss
(babel)               "[lmsans10-regular]:mapping=tex-text;" at 10.0pt
(babel)             * \ttfamily = lmtt
(babel)               "[lmmono10-regular]:" at 10.0pt
(babel)             There is nothing intrinsically wrong with it, but
(babel)             'babel' will no set Script and Language, which could
(babel)             be relevant in some languages. If your document uses
(babel)             these families, consider redefining them with \babelfont.
(babel)             Reported on input line 67.


Package fontspec Info: Adjusting the maths setup (use [no-math] to avoid
(fontspec)             this).

\symlegacymaths=\mathgroup4
LaTeX Font Info:    Overwriting symbol font `legacymaths' in version `bold'
(Font)                  OT1/cmr/m/n --> OT1/cmr/bx/n on input line 67.
LaTeX Font Info:    Redeclaring math accent \acute on input line 67.
LaTeX Font Info:    Redeclaring math accent \grave on input line 67.
LaTeX Font Info:    Redeclaring math accent \ddot on input line 67.
LaTeX Font Info:    Redeclaring math accent \tilde on input line 67.
LaTeX Font Info:    Redeclaring math accent \bar on input line 67.
LaTeX Font Info:    Redeclaring math accent \breve on input line 67.
LaTeX Font Info:    Redeclaring math accent \check on input line 67.
LaTeX Font Info:    Redeclaring math accent \hat on input line 67.
LaTeX Font Info:    Redeclaring math accent \dot on input line 67.
LaTeX Font Info:    Redeclaring math accent \mathring on input line 67.
LaTeX Font Info:    Redeclaring math symbol \colon on input line 67.
LaTeX Font Info:    Redeclaring math symbol \Gamma on input line 67.
LaTeX Font Info:    Redeclaring math symbol \Delta on input line 67.
LaTeX Font Info:    Redeclaring math symbol \Theta on input line 67.
LaTeX Font Info:    Redeclaring math symbol \Lambda on input line 67.
LaTeX Font Info:    Redeclaring math symbol \Xi on input line 67.
LaTeX Font Info:    Redeclaring math symbol \Pi on input line 67.
LaTeX Font Info:    Redeclaring math symbol \Sigma on input line 67.
LaTeX Font Info:    Redeclaring math symbol \Upsilon on input line 67.
LaTeX Font Info:    Redeclaring math symbol \Phi on input line 67.
LaTeX Font Info:    Redeclaring math symbol \Psi on input line 67.
LaTeX Font Info:    Redeclaring math symbol \Omega on input line 67.
LaTeX Font Info:    Redeclaring math symbol \mathdollar on input line 67.
LaTeX Font Info:    Redeclaring symbol font `operators' on input line 67.
LaTeX Font Info:    Encoding `OT1' has changed to `TU' for symbol font
(Font)              `operators' in the math version `normal' on input line 67.
LaTeX Font Info:    Overwriting symbol font `operators' in version `normal'
(Font)                  OT1/cmr/m/n --> TU/TeXGyreTermesX(0)/m/n on input line 
67.
LaTeX Font Info:    Encoding `OT1' has changed to `TU' for symbol font
(Font)              `operators' in the math version `bold' on input line 67.
LaTeX Font Info:    Overwriting symbol font `operators' in version `bold'
(Font)                  OT1/cmr/bx/n --> TU/TeXGyreTermesX(0)/m/n on input line
 67.
LaTeX Font Info:    Overwriting symbol font `operators' in version `normal'
(Font)                  TU/TeXGyreTermesX(0)/m/n --> TU/TeXGyreTermesX(0)/m/n o
n input line 67.
LaTeX Font Info:    Overwriting math alphabet `\mathit' in version `normal'
(Font)                  OT1/cmr/m/it --> TU/TeXGyreTermesX(0)/m/it on input lin
e 67.
LaTeX Font Info:    Overwriting math alphabet `\mathbf' in version `normal'
(Font)                  OT1/cmr/bx/n --> TU/TeXGyreTermesX(0)/b/n on input line
 67.
LaTeX Font Info:    Overwriting math alphabet `\mathsf' in version `normal'
(Font)                  OT1/cmss/m/n --> TU/lmss/m/n on input line 67.
LaTeX Font Info:    Overwriting math alphabet `\mathtt' in version `normal'
(Font)                  OT1/cmtt/m/n --> TU/lmtt/m/n on input line 67.
LaTeX Font Info:    Overwriting symbol font `operators' in version `bold'
(Font)                  TU/TeXGyreTermesX(0)/m/n --> TU/TeXGyreTermesX(0)/b/n o
n input line 67.
LaTeX Font Info:    Overwriting math alphabet `\mathit' in version `bold'
(Font)                  OT1/cmr/bx/it --> TU/TeXGyreTermesX(0)/b/it on input li
ne 67.
LaTeX Font Info:    Overwriting math alphabet `\mathsf' in version `bold'
(Font)                  OT1/cmss/bx/n --> TU/lmss/b/n on input line 67.
LaTeX Font Info:    Overwriting math alphabet `\mathtt' in version `bold'
(Font)                  OT1/cmtt/m/n --> TU/lmtt/b/n on input line 67.
\c@eqfn=\count271
\titlearea=\box48
\actualheight=\skip54

Package natbib Warning: Citation `who2025mental' on page 1 undefined on input l
ine 81.


Package natbib Warning: Citation `de2013predicting' on page 1 undefined on inpu
t line 85.


Package natbib Warning: Citation `chancellor2020methods' on page 1 undefined on
 input line 85.


Package natbib Warning: Citation `coppersmith2015clpsych' on page 1 undefined o
n input line 86.


Package natbib Warning: Citation `coppersmith2014quantifying' on page 1 undefin
ed on input line 89.


Package natbib Warning: Citation `cohan-etal-2018-smhd' on page 1 undefined on 
input line 90.


Package natbib Warning: Citation `harrigian2021state' on page 1 undefined on in
put line 93.


Package natbib Warning: Citation `darwish2021panorama' on page 1 undefined on i
nput line 93.


Package natbib Warning: Citation `habash2010introduction' on page 1 undefined o
n input line 93.


LaTeX Warning: Reference `tab:arabic_datasets' on page 1 undefined on input lin
e 93.


LaTeX Warning: Reference `tab:arabic_datasets' on page 1 undefined on input lin
e 98.

LaTeX Font Info:    External font `cmex10' loaded for size
(Font)              <7> on input line 98.
LaTeX Font Info:    External font `cmex10' loaded for size
(Font)              <5> on input line 98.

(/gpfs/automountdir/gpfs/rts/modules/apps/tex-live/2020/texmf-dist/tex/latex/mi
crotype/mt-cmr.cfg
File: mt-cmr.cfg 2013/05/19 v2.2 microtype config. file: Computer Modern Roman 
(RS)
)
LaTeX Font Info:    External font `cmex10' loaded for size
(Font)              <9> on input line 98.
LaTeX Font Info:    External font `cmex10' loaded for size
(Font)              <6> on input line 98.


LaTeX Warning: Reference `subsec:self_disclosure_grounding' on page 1 undefined
 on input line 98.


Underfull \hbox (badness 1845) in paragraph at lines 95--99
[]\TU/TeXGyreTermesX(0)/m/n/10 In this paper, we address these gaps by introduc
ing
 []


Underfull \hbox (badness 1400) in paragraph at lines 102--104
[]\TU/TeXGyreTermesX(0)/m/n/10 We introduce \TU/TeXGyreTermesX(0)/b/n/10 CARMA\
TU/TeXGyreTermesX(0)/m/n/10 , a large-scale Arabic mental
 []


Package natbib Warning: Citation `de2013predicting' on page 1 undefined on inpu
t line 121.


Package natbib Warning: Citation `coppersmith2015clpsych' on page 1 undefined o
n input line 121.

[1



]

Package natbib Warning: Citation `coppersmith2014quantifying' on page 2 undefin
ed on input line 123.


Package natbib Warning: Citation `cohan-etal-2018-smhd' on page 2 undefined on 
input line 123.


Package natbib Warning: Citation `mankarious2025mindset' on page 2 undefined on
 input line 123.


Package natbib Warning: Citation `zanwar2023smhd' on page 2 undefined on input 
line 123.


Package natbib Warning: Citation `harrigian2021state' on page 2 undefined on in
put line 123.


Underfull \hbox (badness 10000) in paragraph at lines 123--124
[]\TU/TeXGyreTermesX(0)/m/n/10 A key development is the \TU/TeXGyreTermesX(0)/m
/it/10 self-reported diagnosis
 []


Underfull \hbox (badness 2080) in paragraph at lines 123--124
\TU/TeXGyreTermesX(0)/m/n/10 paradigm, which identifies users who publicly disc
lose
 []


Underfull \hbox (badness 2856) in paragraph at lines 123--124
\TU/TeXGyreTermesX(0)/m/n/10 including German (SMHD-GER, \TU/TeXGyreTermesX(0)/
b/n/10 ?\TU/TeXGyreTermesX(0)/m/n/10 ). \TU/TeXGyreTermesX(0)/b/n/10 ? \TU/TeXG
yreTermesX(0)/m/n/10 survey existing
 []


Package natbib Warning: Citation `darwish2021panoramic' on page 2 undefined on 
input line 132.


Package natbib Warning: Citation `alayba2025arabic' on page 2 undefined on inpu
t line 132.


LaTeX Warning: Reference `tab:arabic_datasets' on page 2 undefined on input lin
e 133.


Package natbib Warning: Citation `al2024classification' on page 2 undefined on 
input line 136.


Package natbib Warning: Citation `abdulsalam2024detecting' on page 2 undefined 
on input line 136.


Package natbib Warning: Citation `baghdadi2022optimized' on page 2 undefined on
 input line 136.


Package natbib Warning: Citation `hassib2022aradepsu' on page 2 undefined on in
put line 136.


Package natbib Warning: Citation `almouzini2019detecting' on page 2 undefined o
n input line 136.


Package natbib Warning: Citation `elramly2021cairodep' on page 2 undefined on i
nput line 136.


Package natbib Warning: Citation `maghraby2022mood' on page 2 undefined on inpu
t line 136.


Package natbib Warning: Citation `maghraby2022mood' on page 2 undefined on inpu
t line 136.


Package natbib Warning: Citation `hassib2022aradepsu' on page 2 undefined on in
put line 136.


Package natbib Warning: Citation `alhuzali2024mentalqa' on page 2 undefined on 
input line 136.


LaTeX Warning: Reference `tab:arabic_datasets' on page 2 undefined on input lin
e 136.


Underfull \hbox (badness 8170) in paragraph at lines 136--137
[]\TU/TeXGyreTermesX(0)/m/n/10 Several studies have constructed X (Twitter)-bas
ed
 []


Underfull \hbox (badness 3724) in paragraph at lines 138--146
[]\TU/TeXGyreTermesX(0)/m/n/10 Despite these efforts, existing Arabic mental he
alth
 []


Package natbib Warning: Citation `alhuzali2024mentalqa' on page 2 undefined on 
input line 154.


Package natbib Warning: Citation `al2024classification' on page 2 undefined on 
input line 155.


Package natbib Warning: Citation `abdulsalam2024detecting' on page 2 undefined 
on input line 156.


Package natbib Warning: Citation `baghdadi2022optimized' on page 2 undefined on
 input line 157.


Package natbib Warning: Citation `hassib2022aradepsu' on page 2 undefined on in
put line 158.


Package natbib Warning: Citation `almouzini2019detecting' on page 2 undefined o
n input line 159.


Package natbib Warning: Citation `elramly2021cairodep' on page 2 undefined on i
nput line 160.


Package natbib Warning: Citation `maghraby2022mood' on page 2 undefined on inpu
t line 161.


LaTeX Warning: Reference `app:subreddit_time' on page 2 undefined on input line
 179.


Package natbib Warning: Citation `coppersmith2014quantifying' on page 2 undefin
ed on input line 180.


Package natbib Warning: Citation `coppersmith2015clpsych' on page 2 undefined o
n input line 180.


Package natbib Warning: Citation `cohan-etal-2018-smhd' on page 2 undefined on 
input line 180.


LaTeX Warning: Reference `subsec:self_disclosure_grounding' on page 2 undefined
 on input line 180.


! Package fontspec Error: The font "Noto Sans Arabic" cannot be found.

For immediate help type H <return>.
 ...                                              
                                                  
l.181 ....g., \foreignlanguage{arabic}{اكتئاب حاد}
                                                  , "Severe Depression") and...
 
Here is how much of TeX's memory you used:
 7894 strings out of 477401
 183458 string characters out of 5835590
 580657 words of memory out of 5000000
 27331 multiletter control sequences out of 15000+600000
 537111 words of font info for 60 fonts, out of 8000000 for 9000
 1348 hyphenation exceptions out of 8191
 80i,8n,88p,997b,341s stack positions out of 5000i,500n,10000p,200000b,80000s
Output written on CARMA.pdf (1 page).
