Traceback (most recent call last):
  File "/gpfs/automountdir/gpfs/homes/SEAS/home/g21775526/code/venv/lib/python3.13/site-packages/transformers/utils/import_utils.py", line 2249, in __getattr__
    module = self._get_module(self._class_to_module[name])
  File "/gpfs/automountdir/gpfs/homes/SEAS/home/g21775526/code/venv/lib/python3.13/site-packages/transformers/utils/import_utils.py", line 2483, in _get_module
    raise e
  File "/gpfs/automountdir/gpfs/homes/SEAS/home/g21775526/code/venv/lib/python3.13/site-packages/transformers/utils/import_utils.py", line 2481, in _get_module
    return importlib.import_module("." + module_name, self.__name__)
           ~~~~~~~~~~~~~~~~~~~~~~~^^^^^^^^^^^^^^^^^^^^^^^^^^^^^^^^^^
  File "/c1/apps/python3/3.13.3/lib/python3.13/importlib/__init__.py", line 88, in import_module
    return _bootstrap._gcd_import(name[level:], package, level)
           ~~~~~~~~~~~~~~~~~~~~~~^^^^^^^^^^^^^^^^^^^^^^^^^^^^^^
  File "<frozen importlib._bootstrap>", line 1387, in _gcd_import
  File "<frozen importlib._bootstrap>", line 1360, in _find_and_load
  File "<frozen importlib._bootstrap>", line 1331, in _find_and_load_unlocked
  File "<frozen importlib._bootstrap>", line 935, in _load_unlocked
  File "<frozen importlib._bootstrap_external>", line 1026, in exec_module
  File "<frozen importlib._bootstrap>", line 488, in _call_with_frames_removed
  File "/gpfs/automountdir/gpfs/homes/SEAS/home/g21775526/code/venv/lib/python3.13/site-packages/transformers/pipelines/__init__.py", line 27, in <module>
    from ..image_processing_utils import BaseImageProcessor
  File "/gpfs/automountdir/gpfs/homes/SEAS/home/g21775526/code/venv/lib/python3.13/site-packages/transformers/image_processing_utils.py", line 24, in <module>
    from .image_processing_base import BatchFeature, ImageProcessingMixin
  File "/gpfs/automountdir/gpfs/homes/SEAS/home/g21775526/code/venv/lib/python3.13/site-packages/transformers/image_processing_base.py", line 25, in <module>
    from .image_utils import is_valid_image, load_image
  File "/gpfs/automountdir/gpfs/homes/SEAS/home/g21775526/code/venv/lib/python3.13/site-packages/transformers/image_utils.py", line 54, in <module>
    from torchvision.io import ImageReadMode, decode_image
  File "/gpfs/automountdir/gpfs/homes/SEAS/home/g21775526/code/venv/lib/python3.13/site-packages/torchvision/__init__.py", line 8, in <module>
    from torchvision import _meta_registrations, datasets, io, models, ops, transforms, utils  # usort:skip
    ^^^^^^^^^^^^^^^^^^^^^^^^^^^^^^^^^^^^^^^^^^^^^^^^^^^^^^^^^^^^^^^^^^^^^^^^^^^^^^^^^^^^^^^^^
  File "/gpfs/automountdir/gpfs/homes/SEAS/home/g21775526/code/venv/lib/python3.13/site-packages/torchvision/_meta_registrations.py", line 163, in <module>
    @torch.library.register_fake("torchvision::nms")
     ~~~~~~~~~~~~~~~~~~~~~~~~~~~^^^^^^^^^^^^^^^^^^^^
  File "/gpfs/automountdir/gpfs/homes/SEAS/home/g21775526/code/venv/lib/python3.13/site-packages/torch/library.py", line 1087, in register
    use_lib._register_fake(
    ~~~~~~~~~~~~~~~~~~~~~~^
        op_name, func, _stacklevel=stacklevel + 1, allow_override=allow_override
        ^^^^^^^^^^^^^^^^^^^^^^^^^^^^^^^^^^^^^^^^^^^^^^^^^^^^^^^^^^^^^^^^^^^^^^^^
    )
    ^
  File "/gpfs/automountdir/gpfs/homes/SEAS/home/g21775526/code/venv/lib/python3.13/site-packages/torch/library.py", line 204, in _register_fake
    handle = entry.fake_impl.register(
        func_to_register, source, lib=self, allow_override=allow_override
    )
  File "/gpfs/automountdir/gpfs/homes/SEAS/home/g21775526/code/venv/lib/python3.13/site-packages/torch/_library/fake_impl.py", line 50, in register
    if torch._C._dispatch_has_kernel_for_dispatch_key(self.qualname, "Meta"):
       ~~~~~~~~~~~~~~~~~~~~~~~~~~~~~~~~~~~~~~~~~~~~~~^^^^^^^^^^^^^^^^^^^^^^^
RuntimeError: operator torchvision::nms does not exist

The above exception was the direct cause of the following exception:

Traceback (most recent call last):
  File "/gpfs/automountdir/gpfs/homes/SEAS/home/g21775526/code/carma/manual_annotation.py", line 295, in <module>
    main()
    ~~~~^^
  File "/gpfs/automountdir/gpfs/homes/SEAS/home/g21775526/code/carma/manual_annotation.py", line 259, in main
    _, generate_batch = run_transformers(todo_indices, df, model_name, batch_size)
                        ~~~~~~~~~~~~~~~~^^^^^^^^^^^^^^^^^^^^^^^^^^^^^^^^^^^^^^^^^^
  File "/gpfs/automountdir/gpfs/homes/SEAS/home/g21775526/code/carma/manual_annotation.py", line 185, in run_transformers
    from transformers import AutoModelForCausalLM, pipeline
  File "/gpfs/automountdir/gpfs/homes/SEAS/home/g21775526/code/venv/lib/python3.13/site-packages/transformers/utils/import_utils.py", line 2337, in __getattr__
    raise ModuleNotFoundError(
        f"Could not import module '{name}'. Are this object's requirements defined correctly?"
    ) from e
ModuleNotFoundError: Could not import module 'pipeline'. Are this object's requirements defined correctly?
