WARNING: Target directory /SEAS/home/g21775526/miniforge3/lib/python3.13/site-packages/threadpoolctl.py already exists. Specify --upgrade to force replacement.
WARNING: Target directory /SEAS/home/g21775526/miniforge3/lib/python3.13/site-packages/threadpoolctl-3.6.0.dist-info already exists. Specify --upgrade to force replacement.
WARNING: Target directory /SEAS/home/g21775526/miniforge3/lib/python3.13/site-packages/__pycache__ already exists. Specify --upgrade to force replacement.
WARNING: Target directory /SEAS/home/g21775526/miniforge3/lib/python3.13/site-packages/numpy already exists. Specify --upgrade to force replacement.
WARNING: Target directory /SEAS/home/g21775526/miniforge3/lib/python3.13/site-packages/numpy.libs already exists. Specify --upgrade to force replacement.
WARNING: Target directory /SEAS/home/g21775526/miniforge3/lib/python3.13/site-packages/numpy-2.5.0.dist-info already exists. Specify --upgrade to force replacement.
WARNING: Target directory /SEAS/home/g21775526/miniforge3/lib/python3.13/site-packages/narwhals already exists. Specify --upgrade to force replacement.
WARNING: Target directory /SEAS/home/g21775526/miniforge3/lib/python3.13/site-packages/narwhals-2.23.0.dist-info already exists. Specify --upgrade to force replacement.
WARNING: Target directory /SEAS/home/g21775526/miniforge3/lib/python3.13/site-packages/joblib already exists. Specify --upgrade to force replacement.
WARNING: Target directory /SEAS/home/g21775526/miniforge3/lib/python3.13/site-packages/joblib-1.5.3.dist-info already exists. Specify --upgrade to force replacement.
WARNING: Target directory /SEAS/home/g21775526/miniforge3/lib/python3.13/site-packages/scipy already exists. Specify --upgrade to force replacement.
WARNING: Target directory /SEAS/home/g21775526/miniforge3/lib/python3.13/site-packages/scipy.libs already exists. Specify --upgrade to force replacement.
WARNING: Target directory /SEAS/home/g21775526/miniforge3/lib/python3.13/site-packages/scipy-1.18.0.dist-info already exists. Specify --upgrade to force replacement.
WARNING: Target directory /SEAS/home/g21775526/miniforge3/lib/python3.13/site-packages/scikit_learn.libs already exists. Specify --upgrade to force replacement.
WARNING: Target directory /SEAS/home/g21775526/miniforge3/lib/python3.13/site-packages/sklearn already exists. Specify --upgrade to force replacement.
WARNING: Target directory /SEAS/home/g21775526/miniforge3/lib/python3.13/site-packages/scikit_learn-1.9.0.dist-info already exists. Specify --upgrade to force replacement.
WARNING: Target directory /SEAS/home/g21775526/miniforge3/lib/python3.13/site-packages/bin already exists. Specify --upgrade to force replacement.
Traceback (most recent call last):
  File "/gpfs/automountdir/gpfs/homes/SEAS/home/g21775526/code/carma/experiments/finetune.py", line 18, in <module>
    import torch
  File "/SEAS/home/g21775526/miniforge3/lib/python3.13/site-packages/torch/__init__.py", line 427, in <module>
    from torch._C import *  # noqa: F403
    ^^^^^^^^^^^^^^^^^^^^^^
ImportError: libcusparseLt.so.0: cannot open shared object file: No such file or directory
