Node: gh200-08 | Arch: aarch64
=== Checking for nvshmem ===
=== Available module paths ===
   cuda/12.8                        openmpi/gcc/4.1.8        (D)
   cuda/13                   (D)    pixi/0.55.0
=== Creating new conda env ===
conda-forge/linux-aarch64                                   Using cache
conda-forge/noarch                                          Using cache


Transaction

  Prefix: /gpfs/automountdir/gpfs/homes/SEAS/home/g21775526/miniforge3/envs/carma-gh200

  Updating specs:

   - python=3.11


  Package                    Version  Build            Channel         Size
─────────────────────────────────────────────────────────────────────────────
  Install:
─────────────────────────────────────────────────────────────────────────────

  + _libgcc_mutex                0.1  main             pkgs/main     Cached
  + _openmp_mutex                5.1  52_gnu           pkgs/main     Cached
  + bzip2                      1.0.8  h998d150_6       pkgs/main     Cached
  + ca-certificates        2026.5.14  hd43f75c_0       pkgs/main     Cached
  + ld_impl_linux-aarch64       2.44  h97084ae_3       pkgs/main     Cached
  + libexpat                   2.8.2  h5b11e9f_1       pkgs/main     Cached
  + libffi                     3.4.8  ha74a3d0_3       pkgs/main     Cached
  + libgcc                    15.2.0  hc18542e_8       pkgs/main     Cached
  + libgcc-ng                 15.2.0  h51576c1_8       pkgs/main     Cached
  + libnsl                     2.0.0  h998d150_0       pkgs/main     Cached
  + libstdcxx                 15.2.0  h9538471_8       pkgs/main     Cached
  + libuuid                   1.41.5  h998d150_0       pkgs/main     Cached
  + libxcb                    1.17.0  hf66535e_0       pkgs/main     Cached
  + libzlib                    1.3.2  h27118de_0       pkgs/main     Cached
  + ncurses                      6.5  h419075a_0       pkgs/main     Cached
  + openssl                    3.5.7  h39c9139_0       pkgs/main     Cached
  + packaging                   26.0  py311hd43f75c_0  pkgs/main     Cached
  + pip                       26.1.2  pyhc872135_0     pkgs/main     Cached
  + pthread-stubs                0.3  hfd63f10_1       pkgs/main     Cached
  + python                   3.11.15  hdc5b1c3_1       pkgs/main     Cached
  + readline                     8.3  h886d1d0_0       pkgs/main     Cached
  + setuptools                82.0.1  py311hd43f75c_0  pkgs/main     Cached
  + sqlite                    3.53.2  h2b0225e_0       pkgs/main     Cached
  + tk                        8.6.15  h987d8db_0       pkgs/main     Cached
  + tzdata                     2026b  he532380_0       pkgs/main     Cached
  + wheel                     0.47.0  py311hd43f75c_0  pkgs/main     Cached
  + xorg-libx11               1.8.12  hf66535e_1       pkgs/main     Cached
  + xorg-libxau               1.0.12  hf66535e_0       pkgs/main     Cached
  + xorg-libxdmcp              1.1.5  hf66535e_0       pkgs/main     Cached
  + xorg-xorgproto            2024.1  h27118de_2       pkgs/main     Cached
  + xz                         5.8.2  hed4fdd2_0       pkgs/main     Cached
  + zlib                       1.3.2  h27118de_0       pkgs/main     Cached

  Summary:

  Install: 32 packages

  Total download: 0 B

─────────────────────────────────────────────────────────────────────────────



Transaction starting
Linking _libgcc_mutex-0.1-main
Linking ld_impl_linux-aarch64-2.44-h97084ae_3
Linking ca-certificates-2026.5.14-hd43f75c_0
Linking _openmp_mutex-5.1-52_gnu
Linking libgcc-15.2.0-hc18542e_8
Linking xorg-xorgproto-2024.1-h27118de_2
Linking xz-5.8.2-hed4fdd2_0
Linking openssl-3.5.7-h39c9139_0
Linking libstdcxx-15.2.0-h9538471_8
Linking libzlib-1.3.2-h27118de_0
Linking libgcc-ng-15.2.0-h51576c1_8
Linking libffi-3.4.8-ha74a3d0_3
Linking libexpat-2.8.2-h5b11e9f_1
Linking zlib-1.3.2-h27118de_0
Linking xorg-libxdmcp-1.1.5-hf66535e_0
Linking xorg-libxau-1.0.12-hf66535e_0
Linking pthread-stubs-0.3-hfd63f10_1
Linking ncurses-6.5-h419075a_0
Linking libnsl-2.0.0-h998d150_0
Linking bzip2-1.0.8-h998d150_6
Linking libuuid-1.41.5-h998d150_0
Linking libxcb-1.17.0-hf66535e_0
Linking readline-8.3-h886d1d0_0
Linking xorg-libx11-1.8.12-hf66535e_1
Linking sqlite-3.53.2-h2b0225e_0
Linking tk-8.6.15-h987d8db_0
Linking tzdata-2026b-he532380_0
Linking python-3.11.15-hdc5b1c3_1
Linking packaging-26.0-py311hd43f75c_0
Linking setuptools-82.0.1-py311hd43f75c_0
Linking wheel-0.47.0-py311hd43f75c_0
Linking pip-26.1.2-pyhc872135_0

Transaction finished


To activate this environment, use:

    mamba activate carma-gh200

Or to execute a single command in this environment, use:

    mamba run -n carma-gh200 mycommand

=== Installing PyTorch (cu128 aarch64) ===
Looking in indexes: https://download.pytorch.org/whl/cu128
Collecting torch
  Using cached https://download-r2.pytorch.org/whl/cu128/torch-2.11.0%2Bcu128-cp311-cp311-manylinux_2_28_aarch64.whl.metadata (29 kB)
Collecting torchvision
  Using cached https://download-r2.pytorch.org/whl/cu128/torchvision-0.26.0%2Bcu128-cp311-cp311-manylinux_2_28_aarch64.whl.metadata (5.5 kB)
Collecting filelock (from torch)
  Using cached filelock-3.29.0-py3-none-any.whl.metadata (2.0 kB)
Collecting typing-extensions>=4.10.0 (from torch)
  Using cached https://download.pytorch.org/whl/typing_extensions-4.15.0-py3-none-any.whl.metadata (3.3 kB)
Collecting setuptools<82 (from torch)
  Using cached https://download.pytorch.org/whl/setuptools-70.2.0-py3-none-any.whl.metadata (5.8 kB)
Collecting sympy>=1.13.3 (from torch)
  Using cached sympy-1.14.0-py3-none-any.whl.metadata (12 kB)
Collecting networkx>=2.5.1 (from torch)
  Using cached networkx-3.6.1-py3-none-any.whl.metadata (6.8 kB)
Collecting jinja2 (from torch)
  Using cached https://download.pytorch.org/whl/jinja2-3.1.6-py3-none-any.whl.metadata (2.9 kB)
Collecting fsspec>=0.8.5 (from torch)
  Using cached fsspec-2026.4.0-py3-none-any.whl.metadata (10 kB)
Collecting cuda-toolkit==12.8.1 (from cuda-toolkit[cublas,cudart,cufft,cufile,cupti,curand,cusolver,cusparse,nvjitlink,nvrtc,nvtx]==12.8.1; platform_system == "Linux"->torch)
  Downloading https://pypi.nvidia.com/cuda-toolkit/cuda_toolkit-12.8.1-py2.py3-none-any.whl (2.3 kB)
Collecting cuda-bindings<13,>=12.9.4 (from torch)
  Using cached https://download.pytorch.org/whl/cu128/cuda_bindings-12.9.4-cp311-cp311-manylinux_2_24_aarch64.manylinux_2_28_aarch64.whl.metadata (2.6 kB)
Collecting nvidia-cudnn-cu12==9.19.0.56 (from torch)
  Downloading https://pypi.nvidia.com/nvidia-cudnn-cu12/nvidia_cudnn_cu12-9.19.0.56-py3-none-manylinux_2_27_aarch64.whl (656.9 MB)
     ━━━━━━━━━━━━━━━━━━━━━━━━━━━━━━━━━━━━━━━━ 656.9/656.9 MB 152.5 MB/s  0:00:03
Collecting nvidia-cusparselt-cu12==0.7.1 (from torch)
  Downloading https://pypi.nvidia.com/nvidia-cusparselt-cu12/nvidia_cusparselt_cu12-0.7.1-py3-none-manylinux2014_aarch64.whl (283.8 MB)
     ━━━━━━━━━━━━━━━━━━━━━━━━━━━━━━━━━━━━━━━━ 283.8/283.8 MB 165.8 MB/s  0:00:01
Collecting nvidia-nccl-cu12==2.28.9 (from torch)
  Downloading https://pypi.nvidia.com/nvidia-nccl-cu12/nvidia_nccl_cu12-2.28.9-py3-none-manylinux_2_18_aarch64.whl (296.8 MB)
     ━━━━━━━━━━━━━━━━━━━━━━━━━━━━━━━━━━━━━━━━ 296.8/296.8 MB 162.3 MB/s  0:00:01
Collecting nvidia-nvshmem-cu12==3.4.5 (from torch)
  Downloading https://pypi.nvidia.com/nvidia-nvshmem-cu12/nvidia_nvshmem_cu12-3.4.5-py3-none-manylinux2014_aarch64.manylinux_2_17_aarch64.whl (138.9 MB)
     ━━━━━━━━━━━━━━━━━━━━━━━━━━━━━━━━━━━━━━━━ 138.9/138.9 MB 184.8 MB/s  0:00:00
Collecting triton==3.6.0 (from torch)
  Using cached https://download-r2.pytorch.org/whl/triton-3.6.0-cp311-cp311-manylinux_2_27_aarch64.manylinux_2_28_aarch64.whl.metadata (1.7 kB)
Collecting nvidia-cublas-cu12==12.8.4.1.* (from cuda-toolkit[cublas,cudart,cufft,cufile,cupti,curand,cusolver,cusparse,nvjitlink,nvrtc,nvtx]==12.8.1; platform_system == "Linux"->torch)
  Downloading https://pypi.nvidia.com/nvidia-cublas-cu12/nvidia_cublas_cu12-12.8.4.1-py3-none-manylinux_2_27_aarch64.whl (590.5 MB)
     ━━━━━━━━━━━━━━━━━━━━━━━━━━━━━━━━━━━━━━━━ 590.5/590.5 MB 163.5 MB/s  0:00:03
Collecting nvidia-cuda-runtime-cu12==12.8.90.* (from cuda-toolkit[cublas,cudart,cufft,cufile,cupti,curand,cusolver,cusparse,nvjitlink,nvrtc,nvtx]==12.8.1; platform_system == "Linux"->torch)
  Downloading https://pypi.nvidia.com/nvidia-cuda-runtime-cu12/nvidia_cuda_runtime_cu12-12.8.90-py3-none-manylinux2014_aarch64.manylinux_2_17_aarch64.whl (965 kB)
     ━━━━━━━━━━━━━━━━━━━━━━━━━━━━━━━━━━━━━━━━ 965.3/965.3 kB 147.6 MB/s  0:00:00
Collecting nvidia-cufft-cu12==11.3.3.83.* (from cuda-toolkit[cublas,cudart,cufft,cufile,cupti,curand,cusolver,cusparse,nvjitlink,nvrtc,nvtx]==12.8.1; platform_system == "Linux"->torch)
  Downloading https://pypi.nvidia.com/nvidia-cufft-cu12/nvidia_cufft_cu12-11.3.3.83-py3-none-manylinux2014_aarch64.manylinux_2_17_aarch64.whl (193.1 MB)
     ━━━━━━━━━━━━━━━━━━━━━━━━━━━━━━━━━━━━━━━━ 193.1/193.1 MB 151.0 MB/s  0:00:01
Collecting nvidia-cufile-cu12==1.13.1.3.* (from cuda-toolkit[cublas,cudart,cufft,cufile,cupti,curand,cusolver,cusparse,nvjitlink,nvrtc,nvtx]==12.8.1; platform_system == "Linux"->torch)
  Downloading https://pypi.nvidia.com/nvidia-cufile-cu12/nvidia_cufile_cu12-1.13.1.3-py3-none-manylinux_2_27_aarch64.whl (1.1 MB)
     ━━━━━━━━━━━━━━━━━━━━━━━━━━━━━━━━━━━━━━━━ 1.1/1.1 MB 104.7 MB/s  0:00:00
Collecting nvidia-cuda-cupti-cu12==12.8.90.* (from cuda-toolkit[cublas,cudart,cufft,cufile,cupti,curand,cusolver,cusparse,nvjitlink,nvrtc,nvtx]==12.8.1; platform_system == "Linux"->torch)
  Downloading https://pypi.nvidia.com/nvidia-cuda-cupti-cu12/nvidia_cuda_cupti_cu12-12.8.90-py3-none-manylinux2014_aarch64.manylinux_2_17_aarch64.whl (9.5 MB)
     ━━━━━━━━━━━━━━━━━━━━━━━━━━━━━━━━━━━━━━━━ 9.5/9.5 MB 174.3 MB/s  0:00:00
Collecting nvidia-curand-cu12==10.3.9.90.* (from cuda-toolkit[cublas,cudart,cufft,cufile,cupti,curand,cusolver,cusparse,nvjitlink,nvrtc,nvtx]==12.8.1; platform_system == "Linux"->torch)
  Downloading https://pypi.nvidia.com/nvidia-curand-cu12/nvidia_curand_cu12-10.3.9.90-py3-none-manylinux_2_27_aarch64.whl (63.6 MB)
     ━━━━━━━━━━━━━━━━━━━━━━━━━━━━━━━━━━━━━━━━ 63.6/63.6 MB 167.7 MB/s  0:00:00
Collecting nvidia-cusolver-cu12==11.7.3.90.* (from cuda-toolkit[cublas,cudart,cufft,cufile,cupti,curand,cusolver,cusparse,nvjitlink,nvrtc,nvtx]==12.8.1; platform_system == "Linux"->torch)
  Downloading https://pypi.nvidia.com/nvidia-cusolver-cu12/nvidia_cusolver_cu12-11.7.3.90-py3-none-manylinux_2_27_aarch64.whl (267.2 MB)
     ━━━━━━━━━━━━━━━━━━━━━━━━━━━━━━━━━━━━━━━━ 267.2/267.2 MB 185.1 MB/s  0:00:01
Collecting nvidia-cusparse-cu12==12.5.8.93.* (from cuda-toolkit[cublas,cudart,cufft,cufile,cupti,curand,cusolver,cusparse,nvjitlink,nvrtc,nvtx]==12.8.1; platform_system == "Linux"->torch)
  Downloading https://pypi.nvidia.com/nvidia-cusparse-cu12/nvidia_cusparse_cu12-12.5.8.93-py3-none-manylinux2014_aarch64.manylinux_2_17_aarch64.whl (288.1 MB)
     ━━━━━━━━━━━━━━━━━━━━━━━━━━━━━━━━━━━━━━━━ 288.1/288.1 MB 196.1 MB/s  0:00:01
Collecting nvidia-nvjitlink-cu12==12.8.93.* (from cuda-toolkit[cublas,cudart,cufft,cufile,cupti,curand,cusolver,cusparse,nvjitlink,nvrtc,nvtx]==12.8.1; platform_system == "Linux"->torch)
  Downloading https://pypi.nvidia.com/nvidia-nvjitlink-cu12/nvidia_nvjitlink_cu12-12.8.93-py3-none-manylinux2014_aarch64.manylinux_2_17_aarch64.whl (38.4 MB)
     ━━━━━━━━━━━━━━━━━━━━━━━━━━━━━━━━━━━━━━━━ 38.4/38.4 MB 194.9 MB/s  0:00:00
Collecting nvidia-cuda-nvrtc-cu12==12.8.93.* (from cuda-toolkit[cublas,cudart,cufft,cufile,cupti,curand,cusolver,cusparse,nvjitlink,nvrtc,nvtx]==12.8.1; platform_system == "Linux"->torch)
  Downloading https://pypi.nvidia.com/nvidia-cuda-nvrtc-cu12/nvidia_cuda_nvrtc_cu12-12.8.93-py3-none-manylinux2014_aarch64.manylinux_2_17_aarch64.whl (43.1 MB)
     ━━━━━━━━━━━━━━━━━━━━━━━━━━━━━━━━━━━━━━━━ 43.1/43.1 MB 197.8 MB/s  0:00:00
Collecting nvidia-nvtx-cu12==12.8.90.* (from cuda-toolkit[cublas,cudart,cufft,cufile,cupti,curand,cusolver,cusparse,nvjitlink,nvrtc,nvtx]==12.8.1; platform_system == "Linux"->torch)
  Downloading https://pypi.nvidia.com/nvidia-nvtx-cu12/nvidia_nvtx_cu12-12.8.90-py3-none-manylinux2014_aarch64.manylinux_2_17_aarch64.whl (91 kB)
Collecting cuda-pathfinder~=1.1 (from cuda-bindings<13,>=12.9.4->torch)
  Using cached https://download.pytorch.org/whl/cuda_pathfinder-1.2.2-py3-none-any.whl.metadata (3.2 kB)
Collecting numpy (from torchvision)
  Using cached numpy-2.4.4-cp311-cp311-manylinux_2_27_aarch64.manylinux_2_28_aarch64.whl.metadata (6.6 kB)
Collecting pillow!=8.3.*,>=5.3.0 (from torchvision)
  Using cached pillow-12.2.0-cp311-cp311-manylinux_2_27_aarch64.manylinux_2_28_aarch64.whl.metadata (8.8 kB)
Collecting mpmath<1.4,>=1.1.0 (from sympy>=1.13.3->torch)
  Using cached mpmath-1.3.0-py3-none-any.whl.metadata (8.6 kB)
Collecting MarkupSafe>=2.0 (from jinja2->torch)
  Using cached https://download.pytorch.org/whl/markupsafe-3.0.3-cp311-cp311-manylinux2014_aarch64.manylinux_2_17_aarch64.manylinux_2_28_aarch64.whl.metadata (2.7 kB)
Using cached https://download-r2.pytorch.org/whl/cu128/torch-2.11.0%2Bcu128-cp311-cp311-manylinux_2_28_aarch64.whl (542.6 MB)
Using cached https://download-r2.pytorch.org/whl/triton-3.6.0-cp311-cp311-manylinux_2_27_aarch64.manylinux_2_28_aarch64.whl (176.1 MB)
Using cached https://download.pytorch.org/whl/cu128/cuda_bindings-12.9.4-cp311-cp311-manylinux_2_24_aarch64.manylinux_2_28_aarch64.whl (11.8 MB)
Using cached https://download.pytorch.org/whl/cuda_pathfinder-1.2.2-py3-none-any.whl (23 kB)
Using cached https://download.pytorch.org/whl/setuptools-70.2.0-py3-none-any.whl (930 kB)
Using cached https://download-r2.pytorch.org/whl/cu128/torchvision-0.26.0%2Bcu128-cp311-cp311-manylinux_2_28_aarch64.whl (8.4 MB)
Using cached fsspec-2026.4.0-py3-none-any.whl (203 kB)
Using cached networkx-3.6.1-py3-none-any.whl (2.1 MB)
Using cached pillow-12.2.0-cp311-cp311-manylinux_2_27_aarch64.manylinux_2_28_aarch64.whl (6.4 MB)
Using cached sympy-1.14.0-py3-none-any.whl (6.3 MB)
Using cached mpmath-1.3.0-py3-none-any.whl (536 kB)
Using cached https://download.pytorch.org/whl/typing_extensions-4.15.0-py3-none-any.whl (44 kB)
Using cached filelock-3.29.0-py3-none-any.whl (39 kB)
Using cached https://download.pytorch.org/whl/jinja2-3.1.6-py3-none-any.whl (134 kB)
Using cached https://download.pytorch.org/whl/markupsafe-3.0.3-cp311-cp311-manylinux2014_aarch64.manylinux_2_17_aarch64.manylinux_2_28_aarch64.whl (24 kB)
Using cached numpy-2.4.4-cp311-cp311-manylinux_2_27_aarch64.manylinux_2_28_aarch64.whl (16.0 MB)
Installing collected packages: nvidia-cusparselt-cu12, mpmath, cuda-toolkit, typing-extensions, triton, sympy, setuptools, pillow, nvidia-nvtx-cu12, nvidia-nvshmem-cu12, nvidia-nvjitlink-cu12, nvidia-nccl-cu12, nvidia-curand-cu12, nvidia-cufile-cu12, nvidia-cuda-runtime-cu12, nvidia-cuda-nvrtc-cu12, nvidia-cuda-cupti-cu12, nvidia-cublas-cu12, numpy, networkx, MarkupSafe, fsspec, filelock, cuda-pathfinder, nvidia-cusparse-cu12, nvidia-cufft-cu12, nvidia-cudnn-cu12, jinja2, cuda-bindings, nvidia-cusolver-cu12, torch, torchvision
  Attempting uninstall: setuptools
    Found existing installation: setuptools 82.0.1
    Uninstalling setuptools-82.0.1:
      Successfully uninstalled setuptools-82.0.1

Successfully installed MarkupSafe-3.0.3 cuda-bindings-12.9.4 cuda-pathfinder-1.2.2 cuda-toolkit-12.8.1 filelock-3.29.0 fsspec-2026.4.0 jinja2-3.1.6 mpmath-1.3.0 networkx-3.6.1 numpy-2.4.4 nvidia-cublas-cu12-12.8.4.1 nvidia-cuda-cupti-cu12-12.8.90 nvidia-cuda-nvrtc-cu12-12.8.93 nvidia-cuda-runtime-cu12-12.8.90 nvidia-cudnn-cu12-9.19.0.56 nvidia-cufft-cu12-11.3.3.83 nvidia-cufile-cu12-1.13.1.3 nvidia-curand-cu12-10.3.9.90 nvidia-cusolver-cu12-11.7.3.90 nvidia-cusparse-cu12-12.5.8.93 nvidia-cusparselt-cu12-0.7.1 nvidia-nccl-cu12-2.28.9 nvidia-nvjitlink-cu12-12.8.93 nvidia-nvshmem-cu12-3.4.5 nvidia-nvtx-cu12-12.8.90 pillow-12.2.0 setuptools-70.2.0 sympy-1.14.0 torch-2.11.0+cu128 torchvision-0.26.0+cu128 triton-3.6.0 typing-extensions-4.15.0
=== Installing other deps ===
Requirement already satisfied: transformers in /SEAS/home/g21775526/.local/lib/python3.11/site-packages (4.57.1)
Requirement already satisfied: scikit-learn in /SEAS/home/g21775526/.local/lib/python3.11/site-packages (1.7.2)
Requirement already satisfied: pandas in /SEAS/home/g21775526/.local/lib/python3.11/site-packages (2.3.3)
Requirement already satisfied: numpy in /SEAS/home/g21775526/miniforge3/envs/carma-gh200/lib/python3.11/site-packages (2.4.4)
Requirement already satisfied: filelock in /SEAS/home/g21775526/miniforge3/envs/carma-gh200/lib/python3.11/site-packages (from transformers) (3.29.0)
Requirement already satisfied: huggingface-hub<1.0,>=0.34.0 in /SEAS/home/g21775526/.local/lib/python3.11/site-packages (from transformers) (0.36.0)
Requirement already satisfied: packaging>=20.0 in /SEAS/home/g21775526/.local/lib/python3.11/site-packages (from transformers) (25.0)
Requirement already satisfied: pyyaml>=5.1 in /SEAS/home/g21775526/.local/lib/python3.11/site-packages (from transformers) (6.0.3)
Requirement already satisfied: regex!=2019.12.17 in /SEAS/home/g21775526/.local/lib/python3.11/site-packages (from transformers) (2025.10.23)
Requirement already satisfied: requests in /SEAS/home/g21775526/.local/lib/python3.11/site-packages (from transformers) (2.32.5)
Requirement already satisfied: tokenizers<=0.23.0,>=0.22.0 in /SEAS/home/g21775526/.local/lib/python3.11/site-packages (from transformers) (0.22.1)
Requirement already satisfied: safetensors>=0.4.3 in /SEAS/home/g21775526/.local/lib/python3.11/site-packages (from transformers) (0.6.2)
Requirement already satisfied: tqdm>=4.27 in /SEAS/home/g21775526/.local/lib/python3.11/site-packages (from transformers) (4.67.1)
Requirement already satisfied: fsspec>=2023.5.0 in /SEAS/home/g21775526/miniforge3/envs/carma-gh200/lib/python3.11/site-packages (from huggingface-hub<1.0,>=0.34.0->transformers) (2026.4.0)
Requirement already satisfied: typing-extensions>=3.7.4.3 in /SEAS/home/g21775526/miniforge3/envs/carma-gh200/lib/python3.11/site-packages (from huggingface-hub<1.0,>=0.34.0->transformers) (4.15.0)
Requirement already satisfied: hf-xet<2.0.0,>=1.1.3 in /SEAS/home/g21775526/.local/lib/python3.11/site-packages (from huggingface-hub<1.0,>=0.34.0->transformers) (1.2.0)
Requirement already satisfied: scipy>=1.8.0 in /SEAS/home/g21775526/.local/lib/python3.11/site-packages (from scikit-learn) (1.16.3)
Requirement already satisfied: joblib>=1.2.0 in /SEAS/home/g21775526/.local/lib/python3.11/site-packages (from scikit-learn) (1.5.2)
Requirement already satisfied: threadpoolctl>=3.1.0 in /SEAS/home/g21775526/.local/lib/python3.11/site-packages (from scikit-learn) (3.6.0)
Requirement already satisfied: python-dateutil>=2.8.2 in /SEAS/home/g21775526/.local/lib/python3.11/site-packages (from pandas) (2.9.0.post0)
Requirement already satisfied: pytz>=2020.1 in /SEAS/home/g21775526/.local/lib/python3.11/site-packages (from pandas) (2025.2)
Requirement already satisfied: tzdata>=2022.7 in /SEAS/home/g21775526/.local/lib/python3.11/site-packages (from pandas) (2025.2)
Requirement already satisfied: six>=1.5 in /SEAS/home/g21775526/.local/lib/python3.11/site-packages (from python-dateutil>=2.8.2->pandas) (1.17.0)
Requirement already satisfied: charset_normalizer<4,>=2 in /SEAS/home/g21775526/.local/lib/python3.11/site-packages (from requests->transformers) (3.4.4)
Requirement already satisfied: idna<4,>=2.5 in /SEAS/home/g21775526/.local/lib/python3.11/site-packages (from requests->transformers) (3.11)
Requirement already satisfied: urllib3<3,>=1.21.1 in /SEAS/home/g21775526/.local/lib/python3.11/site-packages (from requests->transformers) (2.3.0)
Requirement already satisfied: certifi>=2017.4.17 in /SEAS/home/g21775526/.local/lib/python3.11/site-packages (from requests->transformers) (2025.10.5)
=== Verifying ===
FATAL: verification failed
