Node: gh200-08 | Arch: aarch64
=== Checking for nvshmem ===
=== Available module paths ===
   cuda/12.8                        openmpi/gcc/4.1.8        (D)
   cuda/13                   (D)    pixi/0.55.0
=== Creating new conda env ===


Transaction

  Prefix: /gpfs/automountdir/gpfs/homes/SEAS/home/g21775526/miniforge3/envs/carma-gh200

  Updating specs:

   - python=3.11


  Package                    Version  Build            Channel         Size
─────────────────────────────────────────────────────────────────────────────
  Install:
─────────────────────────────────────────────────────────────────────────────

  + _libgcc_mutex                0.1  main             pkgs/main     Cached
  + _openmp_mutex                5.1  52_gnu           pkgs/main     Cached
  + bzip2                      1.0.8  h998d150_6       pkgs/main     Cached
  + ca-certificates        2026.5.14  hd43f75c_0       pkgs/main     Cached
  + ld_impl_linux-aarch64       2.44  h97084ae_3       pkgs/main     Cached
  + libexpat                   2.8.2  h5b11e9f_1       pkgs/main     Cached
  + libffi                     3.4.8  ha74a3d0_3       pkgs/main     Cached
  + libgcc                    15.2.0  hc18542e_8       pkgs/main     Cached
  + libgcc-ng                 15.2.0  h51576c1_8       pkgs/main     Cached
  + libnsl                     2.0.0  h998d150_0       pkgs/main     Cached
  + libstdcxx                 15.2.0  h9538471_8       pkgs/main     Cached
  + libuuid                   1.41.5  h998d150_0       pkgs/main     Cached
  + libxcb                    1.17.0  hf66535e_0       pkgs/main     Cached
  + libzlib                    1.3.2  h27118de_0       pkgs/main     Cached
  + ncurses                      6.5  h419075a_0       pkgs/main     Cached
  + openssl                    3.5.7  h39c9139_0       pkgs/main     Cached
  + packaging                   26.0  py311hd43f75c_0  pkgs/main     Cached
  + pip                       26.1.2  pyhc872135_0     pkgs/main     Cached
  + pthread-stubs                0.3  hfd63f10_1       pkgs/main     Cached
  + python                   3.11.15  hdc5b1c3_1       pkgs/main     Cached
  + readline                     8.3  h886d1d0_0       pkgs/main     Cached
  + setuptools                82.0.1  py311hd43f75c_0  pkgs/main     Cached
  + sqlite                    3.53.2  h2b0225e_0       pkgs/main     Cached
  + tk                        8.6.15  h987d8db_0       pkgs/main     Cached
  + tzdata                     2026b  he532380_0       pkgs/main     Cached
  + wheel                     0.47.0  py311hd43f75c_0  pkgs/main     Cached
  + xorg-libx11               1.8.12  hf66535e_1       pkgs/main     Cached
  + xorg-libxau               1.0.12  hf66535e_0       pkgs/main     Cached
  + xorg-libxdmcp              1.1.5  hf66535e_0       pkgs/main     Cached
  + xorg-xorgproto            2024.1  h27118de_2       pkgs/main     Cached
  + xz                         5.8.2  hed4fdd2_0       pkgs/main     Cached
  + zlib                       1.3.2  h27118de_0       pkgs/main     Cached

  Summary:

  Install: 32 packages

  Total download: 0 B

─────────────────────────────────────────────────────────────────────────────



Transaction starting
Linking _libgcc_mutex-0.1-main
Linking ld_impl_linux-aarch64-2.44-h97084ae_3
Linking ca-certificates-2026.5.14-hd43f75c_0
Linking _openmp_mutex-5.1-52_gnu
Linking libgcc-15.2.0-hc18542e_8
Linking xorg-xorgproto-2024.1-h27118de_2
Linking xz-5.8.2-hed4fdd2_0
Linking openssl-3.5.7-h39c9139_0
Linking libstdcxx-15.2.0-h9538471_8
Linking libzlib-1.3.2-h27118de_0
Linking libgcc-ng-15.2.0-h51576c1_8
Linking libffi-3.4.8-ha74a3d0_3
Linking libexpat-2.8.2-h5b11e9f_1
Linking zlib-1.3.2-h27118de_0
Linking xorg-libxdmcp-1.1.5-hf66535e_0
Linking xorg-libxau-1.0.12-hf66535e_0
Linking pthread-stubs-0.3-hfd63f10_1
Linking ncurses-6.5-h419075a_0
Linking libnsl-2.0.0-h998d150_0
Linking bzip2-1.0.8-h998d150_6
Linking libuuid-1.41.5-h998d150_0
Linking libxcb-1.17.0-hf66535e_0
Linking readline-8.3-h886d1d0_0
Linking xorg-libx11-1.8.12-hf66535e_1
Linking sqlite-3.53.2-h2b0225e_0
Linking tk-8.6.15-h987d8db_0
Linking tzdata-2026b-he532380_0
Linking python-3.11.15-hdc5b1c3_1
Linking packaging-26.0-py311hd43f75c_0
Linking setuptools-82.0.1-py311hd43f75c_0
Linking wheel-0.47.0-py311hd43f75c_0
Linking pip-26.1.2-pyhc872135_0

Transaction finished


To activate this environment, use:

    mamba activate carma-gh200

Or to execute a single command in this environment, use:

    mamba run -n carma-gh200 mycommand

=== Installing PyTorch (cu128 aarch64) ===
Looking in indexes: https://download.pytorch.org/whl/cu128
Collecting torch
  Using cached torch-2.11.0%2Bcu128-cp311-cp311-manylinux_2_28_aarch64.whl.metadata (29 kB)
Collecting torchvision
  Using cached torchvision-0.26.0%2Bcu128-cp311-cp311-manylinux_2_28_aarch64.whl.metadata (5.5 kB)
Collecting filelock (from torch)
  Using cached filelock-3.29.0-py3-none-any.whl.metadata (2.0 kB)
Collecting typing-extensions>=4.10.0 (from torch)
  Using cached typing_extensions-4.15.0-py3-none-any.whl.metadata (3.3 kB)
Collecting setuptools<82 (from torch)
  Using cached setuptools-70.2.0-py3-none-any.whl.metadata (5.8 kB)
Collecting sympy>=1.13.3 (from torch)
  Using cached sympy-1.14.0-py3-none-any.whl.metadata (12 kB)
Collecting networkx>=2.5.1 (from torch)
  Using cached networkx-3.6.1-py3-none-any.whl.metadata (6.8 kB)
Collecting jinja2 (from torch)
  Using cached jinja2-3.1.6-py3-none-any.whl.metadata (2.9 kB)
Collecting fsspec>=0.8.5 (from torch)
  Using cached fsspec-2026.4.0-py3-none-any.whl.metadata (10 kB)
Collecting cuda-toolkit==12.8.1 (from cuda-toolkit[cublas,cudart,cufft,cufile,cupti,curand,cusolver,cusparse,nvjitlink,nvrtc,nvtx]==12.8.1; platform_system == "Linux"->torch)
  Downloading cuda_toolkit-12.8.1-py2.py3-none-any.whl (2.3 kB)
Collecting cuda-bindings<13,>=12.9.4 (from torch)
  Using cached cuda_bindings-12.9.4-cp311-cp311-manylinux_2_24_aarch64.manylinux_2_28_aarch64.whl.metadata (2.6 kB)
Collecting nvidia-cudnn-cu12==9.19.0.56 (from torch)
  Downloading nvidia_cudnn_cu12-9.19.0.56-py3-none-manylinux_2_27_aarch64.whl (656.9 MB)
     ━━━━━━━━━━━━━━━━━━━━━━━━━━━━━━━━━━━━━━━━ 656.9/656.9 MB 230.7 MB/s  0:00:02
Collecting nvidia-cusparselt-cu12==0.7.1 (from torch)
  Downloading nvidia_cusparselt_cu12-0.7.1-py3-none-manylinux2014_aarch64.whl (283.8 MB)
     ━━━━━━━━━━━━━━━━━━━━━━━━━━━━━━━━━━━━━━━━ 283.8/283.8 MB 252.3 MB/s  0:00:01
Collecting nvidia-nccl-cu12==2.28.9 (from torch)
  Downloading nvidia_nccl_cu12-2.28.9-py3-none-manylinux_2_18_aarch64.whl (296.8 MB)
     ━━━━━━━━━━━━━━━━━━━━━━━━━━━━━━━━━━━━━━━━ 296.8/296.8 MB 273.2 MB/s  0:00:01
Collecting nvidia-nvshmem-cu12==3.4.5 (from torch)
  Downloading nvidia_nvshmem_cu12-3.4.5-py3-none-manylinux2014_aarch64.manylinux_2_17_aarch64.whl (138.9 MB)
     ━━━━━━━━━━━━━━━━━━━━━━━━━━━━━━━━━━━━━━━━ 138.9/138.9 MB 272.8 MB/s  0:00:00
Collecting triton==3.6.0 (from torch)
  Using cached triton-3.6.0-cp311-cp311-manylinux_2_27_aarch64.manylinux_2_28_aarch64.whl.metadata (1.7 kB)
Collecting nvidia-cublas-cu12==12.8.4.1.* (from cuda-toolkit[cublas,cudart,cufft,cufile,cupti,curand,cusolver,cusparse,nvjitlink,nvrtc,nvtx]==12.8.1; platform_system == "Linux"->torch)
  Downloading nvidia_cublas_cu12-12.8.4.1-py3-none-manylinux_2_27_aarch64.whl (590.5 MB)
     ━━━━━━━━━━━━━━━━━━━━━━━━━━━━━━━━━━━━━━━━ 590.5/590.5 MB 249.2 MB/s  0:00:02
Collecting nvidia-cuda-runtime-cu12==12.8.90.* (from cuda-toolkit[cublas,cudart,cufft,cufile,cupti,curand,cusolver,cusparse,nvjitlink,nvrtc,nvtx]==12.8.1; platform_system == "Linux"->torch)
  Downloading nvidia_cuda_runtime_cu12-12.8.90-py3-none-manylinux2014_aarch64.manylinux_2_17_aarch64.whl (965 kB)
     ━━━━━━━━━━━━━━━━━━━━━━━━━━━━━━━━━━━━━━━━ 965.3/965.3 kB 492.2 MB/s  0:00:00
Collecting nvidia-cufft-cu12==11.3.3.83.* (from cuda-toolkit[cublas,cudart,cufft,cufile,cupti,curand,cusolver,cusparse,nvjitlink,nvrtc,nvtx]==12.8.1; platform_system == "Linux"->torch)
  Downloading nvidia_cufft_cu12-11.3.3.83-py3-none-manylinux2014_aarch64.manylinux_2_17_aarch64.whl (193.1 MB)
     ━━━━━━━━━━━━━━━━━━━━━━━━━━━━━━━━━━━━━━━━ 193.1/193.1 MB 280.1 MB/s  0:00:00
Collecting nvidia-cufile-cu12==1.13.1.3.* (from cuda-toolkit[cublas,cudart,cufft,cufile,cupti,curand,cusolver,cusparse,nvjitlink,nvrtc,nvtx]==12.8.1; platform_system == "Linux"->torch)
  Downloading nvidia_cufile_cu12-1.13.1.3-py3-none-manylinux_2_27_aarch64.whl (1.1 MB)
     ━━━━━━━━━━━━━━━━━━━━━━━━━━━━━━━━━━━━━━━━ 1.1/1.1 MB 420.2 MB/s  0:00:00
Collecting nvidia-cuda-cupti-cu12==12.8.90.* (from cuda-toolkit[cublas,cudart,cufft,cufile,cupti,curand,cusolver,cusparse,nvjitlink,nvrtc,nvtx]==12.8.1; platform_system == "Linux"->torch)
  Downloading nvidia_cuda_cupti_cu12-12.8.90-py3-none-manylinux2014_aarch64.manylinux_2_17_aarch64.whl (9.5 MB)
     ━━━━━━━━━━━━━━━━━━━━━━━━━━━━━━━━━━━━━━━━ 9.5/9.5 MB 333.2 MB/s  0:00:00
Collecting nvidia-curand-cu12==10.3.9.90.* (from cuda-toolkit[cublas,cudart,cufft,cufile,cupti,curand,cusolver,cusparse,nvjitlink,nvrtc,nvtx]==12.8.1; platform_system == "Linux"->torch)
  Downloading nvidia_curand_cu12-10.3.9.90-py3-none-manylinux_2_27_aarch64.whl (63.6 MB)
     ━━━━━━━━━━━━━━━━━━━━━━━━━━━━━━━━━━━━━━━━ 63.6/63.6 MB 295.4 MB/s  0:00:00
Collecting nvidia-cusolver-cu12==11.7.3.90.* (from cuda-toolkit[cublas,cudart,cufft,cufile,cupti,curand,cusolver,cusparse,nvjitlink,nvrtc,nvtx]==12.8.1; platform_system == "Linux"->torch)
  Downloading nvidia_cusolver_cu12-11.7.3.90-py3-none-manylinux_2_27_aarch64.whl (267.2 MB)
     ━━━━━━━━━━━━━━━━━━━━━━━━━━━━━━━━━━━━━━━━ 267.2/267.2 MB 275.1 MB/s  0:00:00
Collecting nvidia-cusparse-cu12==12.5.8.93.* (from cuda-toolkit[cublas,cudart,cufft,cufile,cupti,curand,cusolver,cusparse,nvjitlink,nvrtc,nvtx]==12.8.1; platform_system == "Linux"->torch)
  Downloading nvidia_cusparse_cu12-12.5.8.93-py3-none-manylinux2014_aarch64.manylinux_2_17_aarch64.whl (288.1 MB)
     ━━━━━━━━━━━━━━━━━━━━━━━━━━━━━━━━━━━━━━━━ 288.1/288.1 MB 292.6 MB/s  0:00:00
Collecting nvidia-nvjitlink-cu12==12.8.93.* (from cuda-toolkit[cublas,cudart,cufft,cufile,cupti,curand,cusolver,cusparse,nvjitlink,nvrtc,nvtx]==12.8.1; platform_system == "Linux"->torch)
  Downloading nvidia_nvjitlink_cu12-12.8.93-py3-none-manylinux2014_aarch64.manylinux_2_17_aarch64.whl (38.4 MB)
     ━━━━━━━━━━━━━━━━━━━━━━━━━━━━━━━━━━━━━━━━ 38.4/38.4 MB 220.0 MB/s  0:00:00
Collecting nvidia-cuda-nvrtc-cu12==12.8.93.* (from cuda-toolkit[cublas,cudart,cufft,cufile,cupti,curand,cusolver,cusparse,nvjitlink,nvrtc,nvtx]==12.8.1; platform_system == "Linux"->torch)
  Downloading nvidia_cuda_nvrtc_cu12-12.8.93-py3-none-manylinux2014_aarch64.manylinux_2_17_aarch64.whl (43.1 MB)
     ━━━━━━━━━━━━━━━━━━━━━━━━━━━━━━━━━━━━━━━━ 43.1/43.1 MB 266.9 MB/s  0:00:00
Collecting nvidia-nvtx-cu12==12.8.90.* (from cuda-toolkit[cublas,cudart,cufft,cufile,cupti,curand,cusolver,cusparse,nvjitlink,nvrtc,nvtx]==12.8.1; platform_system == "Linux"->torch)
  Downloading nvidia_nvtx_cu12-12.8.90-py3-none-manylinux2014_aarch64.manylinux_2_17_aarch64.whl (91 kB)
Collecting cuda-pathfinder~=1.1 (from cuda-bindings<13,>=12.9.4->torch)
  Using cached cuda_pathfinder-1.2.2-py3-none-any.whl.metadata (3.2 kB)
Collecting numpy (from torchvision)
  Using cached numpy-2.4.4-cp311-cp311-manylinux_2_27_aarch64.manylinux_2_28_aarch64.whl.metadata (6.6 kB)
Collecting pillow!=8.3.*,>=5.3.0 (from torchvision)
  Using cached pillow-12.2.0-cp311-cp311-manylinux_2_27_aarch64.manylinux_2_28_aarch64.whl.metadata (8.8 kB)
Collecting mpmath<1.4,>=1.1.0 (from sympy>=1.13.3->torch)
  Using cached mpmath-1.3.0-py3-none-any.whl.metadata (8.6 kB)
Collecting MarkupSafe>=2.0 (from jinja2->torch)
  Using cached markupsafe-3.0.3-cp311-cp311-manylinux2014_aarch64.manylinux_2_17_aarch64.manylinux_2_28_aarch64.whl.metadata (2.7 kB)
Using cached torch-2.11.0%2Bcu128-cp311-cp311-manylinux_2_28_aarch64.whl (542.6 MB)
Using cached triton-3.6.0-cp311-cp311-manylinux_2_27_aarch64.manylinux_2_28_aarch64.whl (176.1 MB)
Using cached cuda_bindings-12.9.4-cp311-cp311-manylinux_2_24_aarch64.manylinux_2_28_aarch64.whl (11.8 MB)
Using cached cuda_pathfinder-1.2.2-py3-none-any.whl (23 kB)
Using cached setuptools-70.2.0-py3-none-any.whl (930 kB)
Using cached torchvision-0.26.0%2Bcu128-cp311-cp311-manylinux_2_28_aarch64.whl (8.4 MB)
Using cached fsspec-2026.4.0-py3-none-any.whl (203 kB)
Using cached networkx-3.6.1-py3-none-any.whl (2.1 MB)
Using cached pillow-12.2.0-cp311-cp311-manylinux_2_27_aarch64.manylinux_2_28_aarch64.whl (6.4 MB)
Using cached sympy-1.14.0-py3-none-any.whl (6.3 MB)
Using cached mpmath-1.3.0-py3-none-any.whl (536 kB)
Using cached typing_extensions-4.15.0-py3-none-any.whl (44 kB)
Using cached filelock-3.29.0-py3-none-any.whl (39 kB)
Using cached jinja2-3.1.6-py3-none-any.whl (134 kB)
Using cached markupsafe-3.0.3-cp311-cp311-manylinux2014_aarch64.manylinux_2_17_aarch64.manylinux_2_28_aarch64.whl (24 kB)
Using cached numpy-2.4.4-cp311-cp311-manylinux_2_27_aarch64.manylinux_2_28_aarch64.whl (16.0 MB)
Installing collected packages: nvidia-cusparselt-cu12, mpmath, cuda-toolkit, typing-extensions, triton, sympy, setuptools, pillow, nvidia-nvtx-cu12, nvidia-nvshmem-cu12, nvidia-nvjitlink-cu12, nvidia-nccl-cu12, nvidia-curand-cu12, nvidia-cufile-cu12, nvidia-cuda-runtime-cu12, nvidia-cuda-nvrtc-cu12, nvidia-cuda-cupti-cu12, nvidia-cublas-cu12, numpy, networkx, MarkupSafe, fsspec, filelock, cuda-pathfinder, nvidia-cusparse-cu12, nvidia-cufft-cu12, nvidia-cudnn-cu12, jinja2, cuda-bindings, nvidia-cusolver-cu12, torch, torchvision
  Attempting uninstall: setuptools
    Found existing installation: setuptools 82.0.1
    Uninstalling setuptools-82.0.1:
      Successfully uninstalled setuptools-82.0.1

Successfully installed MarkupSafe-3.0.3 cuda-bindings-12.9.4 cuda-pathfinder-1.2.2 cuda-toolkit-12.8.1 filelock-3.29.0 fsspec-2026.4.0 jinja2-3.1.6 mpmath-1.3.0 networkx-3.6.1 numpy-2.4.4 nvidia-cublas-cu12-12.8.4.1 nvidia-cuda-cupti-cu12-12.8.90 nvidia-cuda-nvrtc-cu12-12.8.93 nvidia-cuda-runtime-cu12-12.8.90 nvidia-cudnn-cu12-9.19.0.56 nvidia-cufft-cu12-11.3.3.83 nvidia-cufile-cu12-1.13.1.3 nvidia-curand-cu12-10.3.9.90 nvidia-cusolver-cu12-11.7.3.90 nvidia-cusparse-cu12-12.5.8.93 nvidia-cusparselt-cu12-0.7.1 nvidia-nccl-cu12-2.28.9 nvidia-nvjitlink-cu12-12.8.93 nvidia-nvshmem-cu12-3.4.5 nvidia-nvtx-cu12-12.8.90 pillow-12.2.0 setuptools-70.2.0 sympy-1.14.0 torch-2.11.0+cu128 torchvision-0.26.0+cu128 triton-3.6.0 typing-extensions-4.15.0
=== Installing other deps ===
Collecting transformers
  Using cached transformers-5.12.1-py3-none-any.whl.metadata (33 kB)
Collecting scikit-learn
  Downloading scikit_learn-1.9.0-cp311-cp311-manylinux_2_27_aarch64.manylinux_2_28_aarch64.whl.metadata (11 kB)
Collecting pandas
  Downloading pandas-3.0.3-cp311-cp311-manylinux_2_24_aarch64.manylinux_2_28_aarch64.whl.metadata (79 kB)
Requirement already satisfied: numpy in /SEAS/home/g21775526/miniforge3/envs/carma-gh200/lib/python3.11/site-packages (2.4.4)
Collecting huggingface-hub<2.0,>=1.5.0 (from transformers)
  Using cached huggingface_hub-1.21.0-py3-none-any.whl.metadata (14 kB)
Requirement already satisfied: packaging>=20.0 in /SEAS/home/g21775526/miniforge3/envs/carma-gh200/lib/python3.11/site-packages (from transformers) (26.0)
Collecting pyyaml>=5.1 (from transformers)
  Downloading pyyaml-6.0.3-cp311-cp311-manylinux2014_aarch64.manylinux_2_17_aarch64.manylinux_2_28_aarch64.whl.metadata (2.4 kB)
Collecting regex>=2025.10.22 (from transformers)
  Downloading regex-2026.6.28-cp311-cp311-manylinux2014_aarch64.manylinux_2_17_aarch64.manylinux_2_28_aarch64.whl.metadata (40 kB)
Collecting tokenizers<=0.23.0,>=0.22.0 (from transformers)
  Using cached tokenizers-0.22.2-cp39-abi3-manylinux_2_17_aarch64.manylinux2014_aarch64.whl.metadata (7.3 kB)
Collecting typer (from transformers)
  Downloading typer-0.26.8-py3-none-any.whl.metadata (15 kB)
Collecting safetensors>=0.4.3 (from transformers)
  Downloading safetensors-0.8.0-cp310-abi3-manylinux_2_17_aarch64.manylinux2014_aarch64.whl.metadata (4.2 kB)
Collecting tqdm>=4.60 (from transformers)
  Downloading tqdm-4.68.3-py3-none-any.whl.metadata (57 kB)
Collecting click>=8.4.0 (from huggingface-hub<2.0,>=1.5.0->transformers)
  Using cached click-8.4.2-py3-none-any.whl.metadata (2.6 kB)
Requirement already satisfied: filelock>=3.10.0 in /SEAS/home/g21775526/miniforge3/envs/carma-gh200/lib/python3.11/site-packages (from huggingface-hub<2.0,>=1.5.0->transformers) (3.29.0)
Requirement already satisfied: fsspec>=2023.5.0 in /SEAS/home/g21775526/miniforge3/envs/carma-gh200/lib/python3.11/site-packages (from huggingface-hub<2.0,>=1.5.0->transformers) (2026.4.0)
Collecting hf-xet<2.0.0,>=1.5.1 (from huggingface-hub<2.0,>=1.5.0->transformers)
  Downloading hf_xet-1.5.1-cp37-abi3-manylinux_2_28_aarch64.whl.metadata (4.9 kB)
Collecting httpx<1,>=0.23.0 (from huggingface-hub<2.0,>=1.5.0->transformers)
  Using cached httpx-0.28.1-py3-none-any.whl.metadata (7.1 kB)
Collecting typer (from transformers)
  Using cached typer-0.25.1-py3-none-any.whl.metadata (15 kB)
Requirement already satisfied: typing-extensions>=4.1.0 in /SEAS/home/g21775526/miniforge3/envs/carma-gh200/lib/python3.11/site-packages (from huggingface-hub<2.0,>=1.5.0->transformers) (4.15.0)
Collecting anyio (from httpx<1,>=0.23.0->huggingface-hub<2.0,>=1.5.0->transformers)
  Downloading anyio-4.14.1-py3-none-any.whl.metadata (4.6 kB)
Collecting certifi (from httpx<1,>=0.23.0->huggingface-hub<2.0,>=1.5.0->transformers)
  Downloading certifi-2026.6.17-py3-none-any.whl.metadata (2.5 kB)
Collecting httpcore==1.* (from httpx<1,>=0.23.0->huggingface-hub<2.0,>=1.5.0->transformers)
  Using cached httpcore-1.0.9-py3-none-any.whl.metadata (21 kB)
Collecting idna (from httpx<1,>=0.23.0->huggingface-hub<2.0,>=1.5.0->transformers)
  Using cached idna-3.18-py3-none-any.whl.metadata (6.1 kB)
Collecting h11>=0.16 (from httpcore==1.*->httpx<1,>=0.23.0->huggingface-hub<2.0,>=1.5.0->transformers)
  Using cached h11-0.16.0-py3-none-any.whl.metadata (8.3 kB)
Collecting shellingham>=1.3.0 (from typer->transformers)
  Using cached shellingham-1.5.4-py2.py3-none-any.whl.metadata (3.5 kB)
Collecting rich>=13.8.0 (from typer->transformers)
  Using cached rich-15.0.0-py3-none-any.whl.metadata (18 kB)
Collecting annotated-doc>=0.0.2 (from typer->transformers)
  Using cached annotated_doc-0.0.4-py3-none-any.whl.metadata (6.6 kB)
Collecting scipy>=1.10.0 (from scikit-learn)
  Downloading scipy-1.17.1-cp311-cp311-manylinux_2_27_aarch64.manylinux_2_28_aarch64.whl.metadata (62 kB)
Collecting joblib>=1.4.0 (from scikit-learn)
  Using cached joblib-1.5.3-py3-none-any.whl.metadata (5.5 kB)
Collecting narwhals>=2.0.1 (from scikit-learn)
  Using cached narwhals-2.23.0-py3-none-any.whl.metadata (15 kB)
Collecting threadpoolctl>=3.5.0 (from scikit-learn)
  Using cached threadpoolctl-3.6.0-py3-none-any.whl.metadata (13 kB)
Collecting python-dateutil>=2.8.2 (from pandas)
  Using cached python_dateutil-2.9.0.post0-py2.py3-none-any.whl.metadata (8.4 kB)
Collecting six>=1.5 (from python-dateutil>=2.8.2->pandas)
  Using cached six-1.17.0-py2.py3-none-any.whl.metadata (1.7 kB)
Collecting markdown-it-py>=2.2.0 (from rich>=13.8.0->typer->transformers)
  Using cached markdown_it_py-4.2.0-py3-none-any.whl.metadata (7.4 kB)
Collecting pygments<3.0.0,>=2.13.0 (from rich>=13.8.0->typer->transformers)
  Using cached pygments-2.20.0-py3-none-any.whl.metadata (2.5 kB)
Collecting mdurl~=0.1 (from markdown-it-py>=2.2.0->rich>=13.8.0->typer->transformers)
  Using cached mdurl-0.1.2-py3-none-any.whl.metadata (1.6 kB)
Downloading transformers-5.12.1-py3-none-any.whl (11.2 MB)
   ━━━━━━━━━━━━━━━━━━━━━━━━━━━━━━━━━━━━━━━━ 11.2/11.2 MB 235.0 MB/s  0:00:00
Downloading huggingface_hub-1.21.0-py3-none-any.whl (721 kB)
   ━━━━━━━━━━━━━━━━━━━━━━━━━━━━━━━━━━━━━━━━ 721.1/721.1 kB 18.0 MB/s  0:00:00
Downloading hf_xet-1.5.1-cp37-abi3-manylinux_2_28_aarch64.whl (4.3 MB)
   ━━━━━━━━━━━━━━━━━━━━━━━━━━━━━━━━━━━━━━━━ 4.3/4.3 MB 128.6 MB/s  0:00:00
Using cached httpx-0.28.1-py3-none-any.whl (73 kB)
Using cached httpcore-1.0.9-py3-none-any.whl (78 kB)
Using cached tokenizers-0.22.2-cp39-abi3-manylinux_2_17_aarch64.manylinux2014_aarch64.whl (3.3 MB)
Using cached typer-0.25.1-py3-none-any.whl (58 kB)
Downloading scikit_learn-1.9.0-cp311-cp311-manylinux_2_27_aarch64.manylinux_2_28_aarch64.whl (9.0 MB)
   ━━━━━━━━━━━━━━━━━━━━━━━━━━━━━━━━━━━━━━━━ 9.0/9.0 MB 98.3 MB/s  0:00:00
Downloading pandas-3.0.3-cp311-cp311-manylinux_2_24_aarch64.manylinux_2_28_aarch64.whl (10.8 MB)
   ━━━━━━━━━━━━━━━━━━━━━━━━━━━━━━━━━━━━━━━━ 10.8/10.8 MB 129.6 MB/s  0:00:00
Using cached annotated_doc-0.0.4-py3-none-any.whl (5.3 kB)
Downloading click-8.4.2-py3-none-any.whl (119 kB)
Using cached h11-0.16.0-py3-none-any.whl (37 kB)
Using cached joblib-1.5.3-py3-none-any.whl (309 kB)
Using cached narwhals-2.23.0-py3-none-any.whl (458 kB)
Using cached python_dateutil-2.9.0.post0-py2.py3-none-any.whl (229 kB)
Downloading pyyaml-6.0.3-cp311-cp311-manylinux2014_aarch64.manylinux_2_17_aarch64.manylinux_2_28_aarch64.whl (775 kB)
   ━━━━━━━━━━━━━━━━━━━━━━━━━━━━━━━━━━━━━━━━ 775.6/775.6 kB 15.2 MB/s  0:00:00
Downloading regex-2026.6.28-cp311-cp311-manylinux2014_aarch64.manylinux_2_17_aarch64.manylinux_2_28_aarch64.whl (792 kB)
   ━━━━━━━━━━━━━━━━━━━━━━━━━━━━━━━━━━━━━━━━ 792.3/792.3 kB 10.3 MB/s  0:00:00
Using cached rich-15.0.0-py3-none-any.whl (310 kB)
Using cached pygments-2.20.0-py3-none-any.whl (1.2 MB)
Using cached markdown_it_py-4.2.0-py3-none-any.whl (91 kB)
Using cached mdurl-0.1.2-py3-none-any.whl (10.0 kB)
Downloading safetensors-0.8.0-cp310-abi3-manylinux_2_17_aarch64.manylinux2014_aarch64.whl (502 kB)
Downloading scipy-1.17.1-cp311-cp311-manylinux_2_27_aarch64.manylinux_2_28_aarch64.whl (33.1 MB)
   ━━━━━━━━━━━━━━━━━━━━━━━━━━━━━━━━━━━━━━━━ 33.1/33.1 MB 121.5 MB/s  0:00:00
Using cached shellingham-1.5.4-py2.py3-none-any.whl (9.8 kB)
Using cached six-1.17.0-py2.py3-none-any.whl (11 kB)
Using cached threadpoolctl-3.6.0-py3-none-any.whl (18 kB)
Downloading tqdm-4.68.3-py3-none-any.whl (78 kB)
Downloading anyio-4.14.1-py3-none-any.whl (124 kB)
Using cached idna-3.18-py3-none-any.whl (65 kB)
Downloading certifi-2026.6.17-py3-none-any.whl (133 kB)
Installing collected packages: tqdm, threadpoolctl, six, shellingham, scipy, safetensors, regex, pyyaml, pygments, narwhals, mdurl, joblib, idna, hf-xet, h11, click, certifi, annotated-doc, scikit-learn, python-dateutil, markdown-it-py, httpcore, anyio, rich, pandas, httpx, typer, huggingface-hub, tokenizers, transformers

Successfully installed annotated-doc-0.0.4 anyio-4.14.1 certifi-2026.6.17 click-8.4.2 h11-0.16.0 hf-xet-1.5.1 httpcore-1.0.9 httpx-0.28.1 huggingface-hub-1.21.0 idna-3.18 joblib-1.5.3 markdown-it-py-4.2.0 mdurl-0.1.2 narwhals-2.23.0 pandas-3.0.3 pygments-2.20.0 python-dateutil-2.9.0.post0 pyyaml-6.0.3 regex-2026.6.28 rich-15.0.0 safetensors-0.8.0 scikit-learn-1.9.0 scipy-1.17.1 shellingham-1.5.4 six-1.17.0 threadpoolctl-3.6.0 tokenizers-0.22.2 tqdm-4.68.3 transformers-5.12.1 typer-0.25.1
=== Verifying ===
torch: 2.11.0+cu128 | cuda: True
transformers: 5.12.1
sklearn: 1.9.0
GPU: NVIDIA GH200 480GB
=== Setup complete. Env at /SEAS/home/g21775526/miniforge3/envs/carma-gh200 ===
